// Jest Snapshot v1, https://goo.gl/fbAQLP

exports[`should render correctly 1`] = `
<div>
  <Helmet
    defaultTitle="layout.settings"
    defer={false}
    encodeSpecialCharacters={true}
    prioritizeSeoTags={false}
    titleTemplate="%s - layout.settings"
  />
  <WithLocation
    extensions={Array []}
    fetchPendingPlugins={[Function]}
    fetchSystemStatus={[Function]}
    pendingPlugins={
      Object {
        "installing": Array [],
        "removing": Array [],
        "updating": Array [],
      }
    }
    systemStatus="UP"
  />
  <ContextProvider
    value={
      Object {
        "fetchPendingPlugins": [Function],
        "fetchSystemStatus": [Function],
        "pendingPlugins": Object {
          "installing": Array [],
          "removing": Array [],
          "updating": Array [],
        },
        "systemStatus": "UP",
      }
    }
  >
    <Outlet
      context={
        Object {
          "adminPages": Array [],
        }
      }
    />
  </ContextProvider>
</div>
`;
