// Jest Snapshot v1, https://goo.gl/fbAQLP

exports[`should render correctly 1`] = `
<Fragment>
  <A11ySkipTarget
    anchor="admin_main"
  />
  <Outlet />
</Fragment>
`;
