// Jest Snapshot v1, https://goo.gl/fbAQLP

exports[`should render and change key 1`] = `
<div
  className="page page-limited"
  id="project-key"
>
  <Helmet
    defer={false}
    encodeSpecialCharacters={true}
    prioritizeSeoTags={false}
    title="update_key.page"
  />
  <header
    className="page-header"
  >
    <h1
      className="page-title"
    >
      update_key.page
    </h1>
    <div
      className="page-description"
    >
      update_key.page.description
    </div>
  </header>
  <UpdateForm
    component={
      Object {
        "breadcrumbs": Array [],
        "key": "foo",
        "name": "Foo",
        "qualifier": "TRK",
        "qualityGate": Object {
          "isDefault": true,
          "key": "30",
          "name": "Sonar way",
        },
        "qualityProfiles": Array [
          Object {
            "deleted": false,
            "key": "my-qp",
            "language": "ts",
            "name": "Sonar way",
          },
        ],
        "tags": Array [],
      }
    }
    onKeyChange={[Function]}
  />
</div>
`;
