// Jest Snapshot v1, https://goo.gl/fbAQLP

exports[`should render correctly 1`] = `
<div
  className="quality-profile-rules-sonarway-missing clearfix"
>
  <span
    className="pull-left"
  >
    <span
      className="text-middle"
    >
      quality_profiles.sonarway_missing_rules
    </span>
    <HelpTooltip
      className="spacer-left"
      overlay="quality_profiles.sonarway_missing_rules_description"
    />
  </span>
  <Link
    className="pull-right"
    data-test="rules"
    to={
      Object {
        "pathname": "/coding_rules",
        "search": "?qprofile=bar&activation=false&compareToProfile=baz&languages=Java",
      }
    }
  >
    158
  </Link>
</div>
`;
