// Jest Snapshot v1, https://goo.gl/fbAQLP

exports[`should render correctly 1`] = `
<SimpleModal
  header="onboarding.token.generate_project_token"
  onClose={[MockFunction]}
  onSubmit={[MockFunction]}
>
  <Component />
</SimpleModal>
`;
