// Jest Snapshot v1, https://goo.gl/fbAQLP

exports[`should render correctly 1`] = `
<HotspotSnippetContainerRenderer
  branchLike={
    Object {
      "analysisDate": "2018-01-01",
      "excludedFromPurge": true,
      "isMain": false,
      "name": "branch-6.7",
    }
  }
  component={
    Object {
      "breadcrumbs": Array [],
      "key": "my-project",
      "name": "MyProject",
      "qualifier": "TRK",
      "qualityGate": Object {
        "isDefault": true,
        "key": "30",
        "name": "Sonar way",
      },
      "qualityProfiles": Array [
        Object {
          "deleted": false,
          "key": "my-qp",
          "language": "ts",
          "name": "Sonar way",
        },
      ],
      "tags": Array [],
    }
  }
  highlightedSymbols={Array []}
  hotspot={
    Object {
      "assignee": "assignee",
      "assigneeUser": Object {
        "active": true,
        "local": true,
        "login": "assignee",
        "name": "John Doe",
      },
      "author": "author",
      "authorUser": Object {
        "active": true,
        "local": true,
        "login": "author",
        "name": "John Doe",
      },
      "canChangeStatus": true,
      "changelog": Array [],
      "comment": Array [],
      "component": Object {
        "key": "hotspot-component",
        "longName": "Hotspot component long name",
        "name": "Hotspot Component",
        "path": "path/to/component",
        "qualifier": "FIL",
      },
      "creationDate": "2013-05-13T17:55:41+0200",
      "flows": Array [
        Object {
          "locations": Array [
            Object {
              "component": "main.js",
              "textRange": Object {
                "endLine": 2,
                "endOffset": 2,
                "startLine": 1,
                "startOffset": 1,
              },
            },
          ],
        },
      ],
      "key": "01fc972e-2a3c-433e-bcae-0bd7f88f5123",
      "line": 142,
      "message": "'3' is a magic number.",
      "project": Object {
        "key": "hotspot-component",
        "longName": "Hotspot component long name",
        "name": "Hotspot Component",
        "path": "path/to/component",
        "qualifier": "TRK",
      },
      "resolution": "FIXED",
      "rule": Object {
        "key": "squid:S2077",
        "name": "That rule",
        "securityCategory": "sql-injection",
        "vulnerabilityProbability": "HIGH",
      },
      "status": "REVIEWED",
      "textRange": Object {
        "endLine": 142,
        "endOffset": 83,
        "startLine": 142,
        "startOffset": 26,
      },
      "updateDate": "2013-05-13T17:55:42+0200",
      "users": Array [
        Object {
          "active": true,
          "local": true,
          "login": "assignee",
          "name": "John Doe",
        },
        Object {
          "active": true,
          "local": true,
          "login": "author",
          "name": "John Doe",
        },
      ],
    }
  }
  loading={true}
  locations={
    Object {
      "142": Array [
        Object {
          "from": 26,
          "line": 142,
          "to": 83,
        },
      ],
    }
  }
  onCommentButtonClick={[MockFunction]}
  onExpandBlock={[Function]}
  onLocationSelect={[MockFunction]}
  onSymbolClick={[Function]}
  secondaryLocations={
    Array [
      Object {
        "component": "main.js",
        "index": 0,
        "text": undefined,
        "textRange": Object {
          "endLine": 2,
          "endOffset": 2,
          "startLine": 1,
          "startOffset": 1,
        },
      },
    ]
  }
  sourceLines={Array []}
  sourceViewerFile={
    Object {
      "key": "hotspot-component",
      "measures": Object {
        "lines": undefined,
      },
      "path": "path/to/component",
      "project": "hotspot-component",
      "projectName": "Hotspot Component",
      "q": "FIL",
      "uuid": "",
    }
  }
/>
`;
