// Jest Snapshot v1, https://goo.gl/fbAQLP

exports[`should render correctly 1`] = `
<div
  className="huge-spacer-bottom"
>
  <div
    className="display-flex-column big-spacer-bottom"
  >
    <div
      className="big text-bold"
    >
      '3' is a magic number.
    </div>
    <div
      className="spacer-top"
    >
      <span
        className="note padded-right"
      >
        That rule
      </span>
      <Link
        className="small"
        target="_blank"
        to={
          Object {
            "pathname": "/coding_rules",
            "search": "?open=squid%3AS2077&rule_key=squid%3AS2077",
          }
        }
      >
        squid:S2077
      </Link>
    </div>
  </div>
  <div
    className="display-flex-space-between"
  >
    <withCurrentUserContext(Status)
      hotspot={
        Object {
          "assignee": "assignee",
          "assigneeUser": Object {
            "active": true,
            "local": true,
            "login": "assignee",
            "name": "John Doe",
          },
          "author": "author",
          "authorUser": Object {
            "active": true,
            "local": true,
            "login": "author",
            "name": "John Doe",
          },
          "canChangeStatus": true,
          "changelog": Array [],
          "comment": Array [],
          "component": Object {
            "key": "hotspot-component",
            "longName": "Hotspot component long name",
            "name": "Hotspot Component",
            "path": "path/to/component",
            "qualifier": "FIL",
          },
          "creationDate": "2013-05-13T17:55:41+0200",
          "flows": Array [
            Object {
              "locations": Array [
                Object {
                  "component": "main.js",
                  "textRange": Object {
                    "endLine": 2,
                    "endOffset": 2,
                    "startLine": 1,
                    "startOffset": 1,
                  },
                },
              ],
            },
          ],
          "key": "01fc972e-2a3c-433e-bcae-0bd7f88f5123",
          "line": 142,
          "message": "'3' is a magic number.",
          "project": Object {
            "key": "hotspot-component",
            "longName": "Hotspot component long name",
            "name": "Hotspot Component",
            "path": "path/to/component",
            "qualifier": "TRK",
          },
          "resolution": "FIXED",
          "rule": Object {
            "key": "squid:S2077",
            "name": "That rule",
            "securityCategory": "sql-injection",
            "vulnerabilityProbability": "HIGH",
          },
          "status": "REVIEWED",
          "textRange": Object {
            "endLine": 142,
            "endOffset": 83,
            "startLine": 142,
            "startOffset": 26,
          },
          "updateDate": "2013-05-13T17:55:42+0200",
          "users": Array [
            Object {
              "active": true,
              "local": true,
              "login": "assignee",
              "name": "John Doe",
            },
            Object {
              "active": true,
              "local": true,
              "login": "author",
              "name": "John Doe",
            },
          ],
        }
      }
      onStatusChange={[Function]}
    />
    <div
      className="display-flex-end"
    >
      <div
        className="display-inline-flex-center it__hs-assignee"
      >
        <div
          className="big-spacer-right"
        >
          assignee: 
        </div>
        <withCurrentUserContext(Assignee)
          hotspot={
            Object {
              "assignee": "assignee",
              "assigneeUser": Object {
                "active": true,
                "local": true,
                "login": "assignee",
                "name": "John Doe",
              },
              "author": "author",
              "authorUser": Object {
                "active": true,
                "local": true,
                "login": "author",
                "name": "John Doe",
              },
              "canChangeStatus": true,
              "changelog": Array [],
              "comment": Array [],
              "component": Object {
                "key": "hotspot-component",
                "longName": "Hotspot component long name",
                "name": "Hotspot Component",
                "path": "path/to/component",
                "qualifier": "FIL",
              },
              "creationDate": "2013-05-13T17:55:41+0200",
              "flows": Array [
                Object {
                  "locations": Array [
                    Object {
                      "component": "main.js",
                      "textRange": Object {
                        "endLine": 2,
                        "endOffset": 2,
                        "startLine": 1,
                        "startOffset": 1,
                      },
                    },
                  ],
                },
              ],
              "key": "01fc972e-2a3c-433e-bcae-0bd7f88f5123",
              "line": 142,
              "message": "'3' is a magic number.",
              "project": Object {
                "key": "hotspot-component",
                "longName": "Hotspot component long name",
                "name": "Hotspot Component",
                "path": "path/to/component",
                "qualifier": "TRK",
              },
              "resolution": "FIXED",
              "rule": Object {
                "key": "squid:S2077",
                "name": "That rule",
                "securityCategory": "sql-injection",
                "vulnerabilityProbability": "HIGH",
              },
              "status": "REVIEWED",
              "textRange": Object {
                "endLine": 142,
                "endOffset": 83,
                "startLine": 142,
                "startOffset": 26,
              },
              "updateDate": "2013-05-13T17:55:42+0200",
              "users": Array [
                Object {
                  "active": true,
                  "local": true,
                  "login": "assignee",
                  "name": "John Doe",
                },
                Object {
                  "active": true,
                  "local": true,
                  "login": "author",
                  "name": "John Doe",
                },
              ],
            }
          }
          onAssigneeChange={[MockFunction]}
        />
      </div>
    </div>
  </div>
</div>
`;
