// Jest Snapshot v1, https://goo.gl/fbAQLP

exports[`should render issues 1`] = `
<div
  className="issue-list"
>
  <Issue
    branchLike={
      Object {
        "analysisDate": "2018-01-01",
        "excludedFromPurge": true,
        "isMain": false,
        "name": "branch-6.7",
      }
    }
    displayWhyIsThisAnIssue={true}
    issue={
      Object {
        "actions": Array [],
        "component": "main.js",
        "componentLongName": "main.js",
        "componentQualifier": "FIL",
        "componentUuid": "foo1234",
        "creationDate": "2017-03-01T09:36:01+0100",
        "flows": Array [],
        "fromHotspot": false,
        "key": "issue",
        "line": 25,
        "message": "Reduce the number of conditional operators (4) used in the expression",
        "project": "myproject",
        "projectKey": "foo",
        "projectName": "Foo",
        "rule": "javascript:S1067",
        "ruleName": "foo",
        "secondaryLocations": Array [],
        "severity": "MAJOR",
        "status": "OPEN",
        "textRange": Object {
          "endLine": 26,
          "endOffset": 15,
          "startLine": 25,
          "startOffset": 0,
        },
        "transitions": Array [],
        "type": "BUG",
      }
    }
    key="issue"
    onChange={[MockFunction]}
    onClick={[MockFunction]}
    onPopupToggle={[MockFunction]}
    selected={true}
  />
</div>
`;
